123 "a test" 
456 "more test"
799"asdf"
sdf
asdf
sdf
kjkj